[backblue.gif]
[fade.gif]
[index.html]
[localhost/SitoAvvAndreaFalzetti/feed/index.html]
[localhost/SitoAvvAndreaFalzetti/comments/feed/index.html]
[localhost/SitoAvvAndreaFalzetti/wp-includes/js/jquery/jquery.minf43b.js]
[localhost/SitoAvvAndreaFalzetti/wp-includes/js/jquery/jquery-migrate.min5589.js]
[localhost/SitoAvvAndreaFalzetti/wp-json/wp/v2/pages/833.json]
[localhost/SitoAvvAndreaFalzetti/wp-json/index.html]
[localhost/SitoAvvAndreaFalzetti/xmlrpc0db0.php]
[localhost/SitoAvvAndreaFalzetti/wp-json/oembed/1.0/embedf022.json]
[localhost/SitoAvvAndreaFalzetti/wp-json/oembed/1.0/embedc226]
[localhost/SitoAvvAndreaFalzetti/wp-content/uploads/2024/05/ddddd-removebg-preview-197x56.png]
[localhost/SitoAvvAndreaFalzetti/wp-content/uploads/2024/05/CWWSHcvWUAAV2Js.jpg]
[localhost/SitoAvvAndreaFalzetti/wp-content/uploads/2024/05/Justice_GettyImages-1140705087-1024x609.webp]
[localhost/SitoAvvAndreaFalzetti/wp-content/uploads/2021/03/01.png]
[localhost/SitoAvvAndreaFalzetti/wp-content/uploads/2021/03/02.png]
[localhost/SitoAvvAndreaFalzetti/wp-content/uploads/2021/03/03.png]
[localhost/SitoAvvAndreaFalzetti/wp-content/uploads/2021/08/testimonial-03.png]
[localhost/SitoAvvAndreaFalzetti/wp-content/uploads/2021/08/testimonial-02.png]
[localhost/SitoAvvAndreaFalzetti/wp-content/uploads/2021/08/testimonial-01.png]
[localhost/SitoAvvAndreaFalzetti/wp-content/themes/astra/assets/js/minified/frontend.min33c5.js]
[localhost/SitoAvvAndreaFalzetti/wp-includes/js/dist/vendor/wp-polyfill-inert.min0226.js]
[localhost/SitoAvvAndreaFalzetti/wp-includes/js/dist/vendor/regenerator-runtime.min6c85.js]
[localhost/SitoAvvAndreaFalzetti/wp-includes/js/dist/vendor/wp-polyfill.min2c7c.js]
[localhost/SitoAvvAndreaFalzetti/wp-includes/js/dist/dom-ready.min5346.js]
[localhost/SitoAvvAndreaFalzetti/wp-content/plugins/astra-sites/inc/lib/onboarding/assets/dist/template-preview/maina11c.js]
[localhost/SitoAvvAndreaFalzetti/wp-content/plugins/ultimate-addons-for-gutenberg/assets/js/spectra-block-positioning.min42a3.js]
[localhost/SitoAvvAndreaFalzetti/wp-content/plugins/ultimate-addons-for-gutenberg/assets/js/uagb-button-child.min42a3.js]
[localhost/SitoAvvAndreaFalzetti/wp-content/plugins/ultimate-addons-for-gutenberg/assets/js/testimonial.min42a3.js]
[localhost/SitoAvvAndreaFalzetti/wp-content/plugins/ultimate-addons-for-gutenberg/assets/js/imagesloaded.min42a3.js]
[localhost/SitoAvvAndreaFalzetti/wp-content/plugins/ultimate-addons-for-gutenberg/assets/js/slick.min42a3.js]
[localhost/SitoAvvAndreaFalzetti/wp-content/uploads/uag-plugin/assets/1000/uag-js-833095d.js]
[localhost/SitoAvvAndreaFalzetti/index.html]
[localhost/SitoAvvAndreaFalzetti/wp-content/themes/astra/assets/css/minified/main.min33c5.css]
[localhost/SitoAvvAndreaFalzetti/wp-includes/css/dist/block-library/style.minef10.css]
[localhost/SitoAvvAndreaFalzetti/wp-content/plugins/ultimate-addons-for-gutenberg/assets/css/spectra-block-positioning.min42a3.css]
[localhost/SitoAvvAndreaFalzetti/wp-content/plugins/ultimate-addons-for-gutenberg/assets/css/slick.min42a3.css]
[localhost/SitoAvvAndreaFalzetti/wp-content/uploads/2024/05/1667094391429.jpg]
[localhost/SitoAvvAndreaFalzetti/wp-content/uploads/uag-plugin/assets/1000/uag-css-833095d.css]
